// Jest Snapshot v1, https://goo.gl/fbAQLP

exports[`<App> Snapshot renders => it should be rendered 1`] = `
<div>
  <div
    class="layout__container"
  >
    <div
      class="header__container"
    >
      <h1
        class="header__title"
      >
        last.fm Collage
      </h1>
    </div>
    <div
      class="layout__content"
    >
      <div
        class="login__container"
      >
        Login
      </div>
    </div>
    <div
      class="footer__container"
    >
      <span
        class="footer__author"
      >
        bonavida
      </span>
      <span
        class="footer__year"
      >
        2020
      </span>
      <div
        class="footer__divider"
      />
      <a
        class="footer__link"
        href="https://www.last.fm/es/user/bonavida"
        rel="noopener noreferrer"
        target="_blank"
      >
        <svg
          aria-hidden="true"
          class="svg-inline--fa fa-lastfm fa-w-16 footer__icon"
          data-icon="lastfm"
          data-prefix="fab"
          focusable="false"
          role="img"
          viewBox="0 0 512 512"
          xmlns="http://www.w3.org/2000/svg"
        >
          <path
            d="M225.8 367.1l-18.8-51s-30.5 34-76.2 34c-40.5 0-69.2-35.2-69.2-91.5 0-72.1 36.4-97.9 72.1-97.9 66.5 0 74.8 53.3 100.9 134.9 18.8 56.9 54 102.6 155.4 102.6 72.7 0 122-22.3 122-80.9 0-72.9-62.7-80.6-115-92.1-25.8-5.9-33.4-16.4-33.4-34 0-19.9 15.8-31.7 41.6-31.7 28.2 0 43.4 10.6 45.7 35.8l58.6-7c-4.7-52.8-41.1-74.5-100.9-74.5-52.8 0-104.4 19.9-104.4 83.9 0 39.9 19.4 65.1 68 76.8 44.9 10.6 79.8 13.8 79.8 45.7 0 21.7-21.1 30.5-61 30.5-59.2 0-83.9-31.1-97.9-73.9-32-96.8-43.6-163-161.3-163C45.7 113.8 0 168.3 0 261c0 89.1 45.7 137.2 127.9 137.2 66.2 0 97.9-31.1 97.9-31.1z"
            fill="currentColor"
          />
        </svg>
      </a>
      <a
        class="footer__link"
        href="https://github.com/bonavida"
        rel="noopener noreferrer"
        target="_blank"
      >
        <svg
          aria-hidden="true"
          class="svg-inline--fa fa-github fa-w-16 footer__icon"
          data-icon="github"
          data-prefix="fab"
          focusable="false"
          role="img"
          viewBox="0 0 496 512"
          xmlns="http://www.w3.org/2000/svg"
        >
          <path
            d="M165.9 397.4c0 2-2.3 3.6-5.2 3.6-3.3.3-5.6-1.3-5.6-3.6 0-2 2.3-3.6 5.2-3.6 3-.3 5.6 1.3 5.6 3.6zm-31.1-4.5c-.7 2 1.3 4.3 4.3 4.9 2.6 1 5.6 0 6.2-2s-1.3-4.3-4.3-5.2c-2.6-.7-5.5.3-6.2 2.3zm44.2-1.7c-2.9.7-4.9 2.6-4.6 4.9.3 2 2.9 3.3 5.9 2.6 2.9-.7 4.9-2.6 4.6-4.6-.3-1.9-3-3.2-5.9-2.9zM244.8 8C106.1 8 0 113.3 0 252c0 110.9 69.8 205.8 169.5 239.2 12.8 2.3 17.3-5.6 17.3-12.1 0-6.2-.3-40.4-.3-61.4 0 0-70 15-84.7-29.8 0 0-11.4-29.1-27.8-36.6 0 0-22.9-15.7 1.6-15.4 0 0 24.9 2 38.6 25.8 21.9 38.6 58.6 27.5 72.9 20.9 2.3-16 8.8-27.1 16-33.7-55.9-6.2-112.3-14.3-112.3-110.5 0-27.5 7.6-41.3 23.6-58.9-2.6-6.5-11.1-33.3 2.6-67.9 20.9-6.5 69 27 69 27 20-5.6 41.5-8.5 62.8-8.5s42.8 2.9 62.8 8.5c0 0 48.1-33.6 69-27 13.7 34.7 5.2 61.4 2.6 67.9 16 17.7 25.8 31.5 25.8 58.9 0 96.5-58.9 104.2-114.8 110.5 9.2 7.9 17 22.9 17 46.4 0 33.7-.3 75.4-.3 83.6 0 6.5 4.6 14.4 17.3 12.1C428.2 457.8 496 362.9 496 252 496 113.3 383.5 8 244.8 8zM97.2 352.9c-1.3 1-1 3.3.7 5.2 1.6 1.6 3.9 2.3 5.2 1 1.3-1 1-3.3-.7-5.2-1.6-1.6-3.9-2.3-5.2-1zm-10.8-8.1c-.7 1.3.3 2.9 2.3 3.9 1.6 1 3.6.7 4.3-.7.7-1.3-.3-2.9-2.3-3.9-2-.6-3.6-.3-4.3.7zm32.4 35.6c-1.6 1.3-1 4.3 1.3 6.2 2.3 2.3 5.2 2.6 6.5 1 1.3-1.3.7-4.3-1.3-6.2-2.2-2.3-5.2-2.6-6.5-1zm-11.4-14.7c-1.6 1-1.6 3.6 0 5.9 1.6 2.3 4.3 3.3 5.6 2.3 1.6-1.3 1.6-3.9 0-6.2-1.4-2.3-4-3.3-5.6-2z"
            fill="currentColor"
          />
        </svg>
      </a>
    </div>
  </div>
</div>
`;
